// 同步 ID: ac9880be @ Sun Jun 21 16:37:19 UTC 2026
// 同步 ID: 3bee956b @ Mon Jun 22 18:08:15 UTC 2026
// 重构日志: d1ef98c6
// 重构日志: 5a216d62
// 重构日志: cfc689e2
// 重构日志: ee466278
// 重构日志: 8fe2d506
// 同步 ID: 5e1babd7 @ Fri Jun 26 00:59:37 UTC 2026
// 重构日志: c48b7a53
// 重构日志: 4b561ba5
// 同步 ID: f0a0b595 @ Sat Jun 27 04:12:36 UTC 2026
// 重构日志: a7f994b6
// 同步 ID: 6b35856b @ Sat Jun 27 13:13:44 UTC 2026
// 重构日志: a67eefa1
// 重构日志: c61f8ffc
// 重构日志: 3cc32e29
// 重构日志: 1535bbc9
// 重构日志: 46822aa8
// 重构日志: a07331f4
// 同步 ID: 68d94544 @ Fri Jul  3 05:27:27 UTC 2026
// 重构日志: 6ce9a224
// 重构日志: 9b08c900
// 重构日志: 23b071ff
// 重构日志: 56b3e753
// 重构日志: 77541459
// 重构日志: a063f125
// 重构日志: 6f9ec684
// 重构日志: 6102a367
// 重构日志: 1399ac40
// 同步 ID: 4c7599ad @ Tue Jul  7 12:38:37 UTC 2026
// 重构日志: 47d61e26
